# box.insert(["0", "x", "y"])
1

# box.insert(["1", "x", "y"])
1

# box.insert(["2", "x", "y"])
1

# box.select("0", "1", "2")
[["0", "x", "y"], ["1", "x", "y"], ["2", "x", "y"]]

# box.select("x", {:index=>1})
[["0", "x", "y"], ["1", "x", "y"], ["2", "x", "y"]]

# box.select(["x"], {:index=>2})
[]

# box.select(["y"], {:index=>2})
[["0", "x", "y"], ["1", "x", "y"], ["2", "x", "y"]]

# box.select(["x"], {:index=>3})
[["0", "x", "y"], ["1", "x", "y"], ["2", "x", "y"]]

# box.select(["y"], {:index=>3})
[]

