# c1.insert([3, "baz"])
1

# wal_writer stop
# c1.insert([1, "foo"])
# c2.insert([1, "foobar"])
# c4.select(1)
[]

# wal_writer cont
1 # c1
2 # c2
# c4.select(1)
[["\x01\x00\x00\x00", "foobar"]]

# c4.delete(1)
1

# c4.select(1)
[]

# c1.insert([3, "bar"])
2

# wal_writer stop
# c2.update_fields(3, [0, :set, 1])
# c1.insert([1, "foo"])
# c4.select(1, 3)
[["\x03\x00\x00\x00", "bar"]]

# wal_writer cont
2

2

# c4.select(1)
[["\x01\x00\x00\x00", "foo"]]

