# box.ping()
:pong

# box.insert([1])
1

# box.insert([1])
2

# box.insert([1])
2

# box.insert([1])
2

# box.insert([1])
2

# box.insert([1])
2

# box.insert([1])
2

# box.insert([1])
2

# box.insert([1])
2

# box.insert([1])
2

# box.insert([1])
2

# box.insert([1])
2

# box.insert([1])
2

# box.insert([1])
2

# box.insert([1])
2

# box.insert([1])
2

# box.insert([1])
2

# box.insert([1])
2

# box.insert([1])
2

# box.insert([1])
2

# box.insert([1])
2

# box.insert([1])
2

# box.insert([1])
2

# box.insert([1])
2

# box.insert([1])
2

# box.insert([1])
2

# box.insert([1])
2

# box.insert([1])
2

# box.insert([1])
2

# box.insert([1])
2

XLOG
0.12
Created-by: octopus
Octopus-version: REDACTED
SCN: 10
SCN-0: 10

lsn:10 shard:0 scn:10 t:wal/usr13 INSERT n:0 flags:00000000 <1:"\x01\x00\x00\x00">
lsn:11 shard:0 scn:11 t:wal/usr13 INSERT n:0 flags:00000000 <1:"\x01\x00\x00\x00">
lsn:12 shard:0 scn:12 t:wal/usr13 INSERT n:0 flags:00000000 <1:"\x01\x00\x00\x00">
lsn:13 shard:0 scn:13 t:wal/usr13 INSERT n:0 flags:00000000 <1:"\x01\x00\x00\x00">
lsn:14 shard:0 scn:14 t:wal/usr13 INSERT n:0 flags:00000000 <1:"\x01\x00\x00\x00">
lsn:15 shard:0 scn:15 t:wal/usr13 INSERT n:0 flags:00000000 <1:"\x01\x00\x00\x00">
lsn:16 shard:0 scn:16 t:wal/usr13 INSERT n:0 flags:00000000 <1:"\x01\x00\x00\x00">
lsn:17 shard:0 scn:17 t:wal/usr13 INSERT n:0 flags:00000000 <1:"\x01\x00\x00\x00">
lsn:18 shard:0 scn:18 t:wal/usr13 INSERT n:0 flags:00000000 <1:"\x01\x00\x00\x00">
lsn:19 shard:0 scn:19 t:wal/usr13 INSERT n:0 flags:00000000 <1:"\x01\x00\x00\x00">

XLOG
0.12
Created-by: octopus
Octopus-version: REDACTED
SCN: 20
SCN-0: 20

lsn:20 shard:0 scn:20 t:wal/usr13 INSERT n:0 flags:00000000 <1:"\x01\x00\x00\x00">
lsn:21 shard:0 scn:21 t:wal/usr13 INSERT n:0 flags:00000000 <1:"\x01\x00\x00\x00">
lsn:22 shard:0 scn:22 t:wal/usr13 INSERT n:0 flags:00000000 <1:"\x01\x00\x00\x00">
lsn:23 shard:0 scn:23 t:wal/usr13 INSERT n:0 flags:00000000 <1:"\x01\x00\x00\x00">
lsn:24 shard:0 scn:24 t:wal/usr13 INSERT n:0 flags:00000000 <1:"\x01\x00\x00\x00">
lsn:25 shard:0 scn:25 t:wal/usr13 INSERT n:0 flags:00000000 <1:"\x01\x00\x00\x00">
lsn:26 shard:0 scn:26 t:wal/usr13 INSERT n:0 flags:00000000 <1:"\x01\x00\x00\x00">
lsn:27 shard:0 scn:27 t:wal/usr13 INSERT n:0 flags:00000000 <1:"\x01\x00\x00\x00">
lsn:28 shard:0 scn:28 t:wal/usr13 INSERT n:0 flags:00000000 <1:"\x01\x00\x00\x00">
lsn:29 shard:0 scn:29 t:wal/usr13 INSERT n:0 flags:00000000 <1:"\x01\x00\x00\x00">
