# box.ping()
:pong

# box.ping()
:pong

# box.insert([1, 1])
1

# box.insert([1, 1])
1

# box.insert([2, 2])
1

# box.insert([2, 2])
1

# box.insert([3, 3])
1

# box.insert([3, 3])
1

# box.insert([4, 42])
1

# box.select(1, 2, 3, 4)
[["\x01\x00\x00\x00", "\x01\x00\x00\x00"], ["\x02\x00\x00\x00", "\x02\x00\x00\x00"], ["\x03\x00\x00\x00", "\x03\x00\x00\x00"]]

---
ok
...
# box.select(1, 2, 3, 4)
[["\x01\x00\x00\x00", "\x01\x00\x00\x00"], ["\x02\x00\x00\x00", "\x02\x00\x00\x00"], ["\x03\x00\x00\x00", "\x03\x00\x00\x00"], ["\x04\x00\x00\x00", "*\x00\x00\x00"]]

