# box.ping()
:pong

# box.insert(["x16", "y16", 1])
1

# box.insert(["x22", "y22", 2])
1

# box.select(["x22"], ["x16"])
[["x22", "y22", "\x02\x00\x00\x00"], ["x16", "y16", "\x01\x00\x00\x00"]]

