# box.insert([1, 2, 3])
1

# box.insert([1, 2, 3])
2

# box.insert([1, 2, 3])
2

# box.insert([1, 2, 3])
2

# box.insert([1, 2, 3])
2

# box.insert([1, 2, 3])
2

# box.insert([1, 2, 3])
2

# box.insert([1, 2, 3])
2

exception: last WAL is missing or truncated: snapshot LSN:5 > last WAL row LSN:4
