# box.insert(["\x00\x00\x00\x00\x00\x00\x00\x00", "foo"])
1

# box.insert(["\xFF\xFF\xFF\xFF\xFF\xFF\xFF\xFF", "bar"])
1

# box.lua("user_proc.select", "0")
[["\x00\x00\x00\x00\x00\x00\x00\x00", "foo"], ["\xFF\xFF\xFF\xFF\xFF\xFF\xFF\xFF", "bar"]]

