# box.insert(["1", "2", "3"])
1

# box.delete(["1", "2"])
1

# box.select(["1"])
[]

# box.insert(["1", "2", "3"])
1

# box.insert(["1", "2a", "3"])
1

# box.update_fields(["1"], [1, :set, "aa"])
Failed with: {code: 0x202, message: 'key fields count doesn't match'}
# box.update_fields(["1", "2"], [1, :set, "aa"])
2

# box.select(["1"])
[["1", "2a", "3"], ["1", "aa", "3"]]

lsn:2 shard:0 scn:2 t:wal/usr13 INSERT n:0 flags:00000000 <"1", "2", "3">
lsn:3 shard:0 scn:3 t:wal/usr20 DELETE_1_3 n:0 <"1", "2">
lsn:4 shard:0 scn:4 t:wal/usr13 INSERT n:0 flags:00000000 <"1", "2", "3">
lsn:5 shard:0 scn:5 t:wal/usr13 INSERT n:0 flags:00000000 <"1", 24882:"2a", "3">
lsn:6 shard:0 scn:6 t:wal/usr19 UPDATE_FIELDS n:0 flags:00000000 <"1", "2"> [field_no:1 op:set <24929:"aa">] 
