# box.insert([1, 1])
1

# box.insert([1, 2])
1

# box.insert([0, 0])
1

# box.insert([2, 2])
1

# box.lua("user_proc.iterator2", "0", "1")
[["\x01\x00\x00\x00", "\x01\x00\x00\x00"], ["\x01\x00\x00\x00", "\x02\x00\x00\x00"], ["\x02\x00\x00\x00", "\x02\x00\x00\x00"]]

# box.lua("user_proc.iterator2r", "0", "1")
[["\x01\x00\x00\x00", "\x02\x00\x00\x00"], ["\x01\x00\x00\x00", "\x01\x00\x00\x00"], ["\x00\x00\x00\x00", "\x00\x00\x00\x00"]]

# box.lua("user_proc.iterator2", "1", "1")
[["\x01\x00\x00\x00", "\x02\x00\x00\x00"], ["\x01\x00\x00\x00", "\x01\x00\x00\x00"], ["\x02\x00\x00\x00", "\x02\x00\x00\x00"]]

# box.lua("user_proc.iterator2r", "1", "1")
[["\x01\x00\x00\x00", "\x01\x00\x00\x00"], ["\x01\x00\x00\x00", "\x02\x00\x00\x00"], ["\x00\x00\x00\x00", "\x00\x00\x00\x00"]]

