# box.insert(["0", "a", "b", "c", "d"])
1

# box.select(["0"])
[["0", "a", "b", "c", "d"]]

