# box.ping()
:pong

# box.insert([1])
1

# box.insert([2])
1

# box.insert([3])
1

# box.insert([4])
1

# box.insert([5])
1

# box.insert([6])
1

# box.insert([7])
1

# box.insert([8])
1

# box.insert([9])
1

# box.insert([10])
1

# box.insert([11])
1

# box.insert([12])
1

# box.insert([13])
1

# box.insert([14])
1

# box.insert([15])
1

# box.insert([16])
1

# box.insert([17])
1

# box.insert([18])
1

# box.insert([19])
1

# box.insert([20])
1

# box.insert([21])
1

# box.insert([22])
1

# box.insert([23])
1

# box.insert([24])
1

# box.insert([25])
1

# box.insert([26])
1

# box.insert([27])
1

# box.insert([28])
1

# box.insert([29])
1

# box.insert([30])
1

# box.insert([31])
1

# box.insert([32])
1

# box.insert([33])
1

# box.insert([34])
1

# box.insert([35])
1

# box.insert([36])
1

# box.insert([37])
1

# box.insert([38])
1

# box.insert([39])
1

# box.insert([40])
1

# box.insert([41])
1

# box.insert([42])
1

# box.insert([43])
1

# box.insert([44])
1

# box.insert([45])
1

# box.insert([46])
1

# box.insert([47])
1

# box.insert([48])
1

# box.insert([49])
1

# box.insert([50])
1

# box.insert([51])
1

# box.insert([52])
1

# box.insert([53])
1

# box.insert([54])
1

# box.insert([55])
1

# box.insert([56])
1

# box.insert([57])
1

# box.insert([58])
1

# box.insert([59])
1

# box.insert([60])
1

# box.insert([61])
1

# box.insert([62])
1

# box.insert([63])
1

# box.insert([64])
1

# box.insert([65])
1

# box.insert([66])
1

# box.insert([67])
1

# box.insert([68])
1

# box.insert([69])
1

# box.insert([70])
1

# box.insert([71])
1

# box.insert([72])
1

# box.insert([73])
1

# box.insert([74])
1

# box.insert([75])
1

# box.insert([76])
1

# box.insert([77])
1

# box.insert([78])
1

# box.insert([79])
1

# box.insert([80])
1

# box.insert([81])
1

# box.insert([82])
1

# box.insert([83])
1

# box.insert([84])
1

# box.insert([85])
1

# box.insert([86])
1

# box.insert([87])
1

# box.insert([88])
1

# box.insert([89])
1

# box.insert([90])
1

# box.insert([91])
1

# box.insert([92])
1

# box.insert([93])
1

# box.insert([94])
1

# box.insert([95])
1

# box.insert([96])
1

# box.insert([97])
1

# box.insert([98])
1

# box.insert([99])
1

# box.insert([100])
1

# box.insert([101])
1

# box.insert([102])
1

# box.insert([103])
1

# box.insert([104])
1

# box.insert([105])
1

# box.insert([106])
1

# box.insert([107])
1

# box.insert([108])
1

# box.insert([109])
1

# box.insert([110])
1

# box.insert([111])
1

# box.insert([112])
1

# box.insert([113])
1

# box.insert([114])
1

# box.insert([115])
1

# box.insert([116])
1

# box.insert([117])
1

# box.insert([118])
1

# box.insert([119])
1

# box.insert([120])
1

# box.insert([121])
1

# box.insert([122])
1

# box.insert([123])
1

# box.insert([124])
1

# box.insert([125])
1

# box.insert([126])
1

# box.insert([127])
1

# box.insert([128])
1

# box.insert([129])
1

# box.insert([130])
1

# box.insert([131])
1

# box.insert([132])
1

# box.insert([133])
1

# box.insert([134])
1

# box.insert([135])
1

# box.insert([136])
1

# box.insert([137])
1

# box.insert([138])
1

# box.insert([139])
1

# box.insert([140])
1

# box.insert([141])
1

# box.insert([142])
1

# box.insert([143])
1

# box.insert([144])
1

# box.insert([145])
1

# box.insert([146])
1

# box.insert([147])
1

# box.insert([148])
1

# box.insert([149])
1

# box.insert([150])
1

# box.insert([151])
1

# box.insert([152])
1

# box.insert([153])
1

# box.insert([154])
1

# box.insert([155])
1

# box.insert([156])
1

# box.insert([157])
1

# box.insert([158])
1

# box.insert([159])
1

# box.insert([160])
1

# box.insert([161])
1

# box.insert([162])
1

# box.insert([163])
1

# box.insert([164])
1

# box.insert([165])
1

# box.insert([166])
1

# box.insert([167])
1

# box.insert([168])
1

# box.insert([169])
1

# box.insert([170])
1

# box.insert([171])
1

# box.insert([172])
1

# box.insert([173])
1

# box.insert([174])
1

# box.insert([175])
1

# box.insert([176])
1

# box.insert([177])
1

# box.insert([178])
1

# box.insert([179])
1

# box.insert([180])
1

# box.insert([181])
1

# box.insert([182])
1

# box.insert([183])
1

# box.insert([184])
1

# box.insert([185])
1

# box.insert([186])
1

# box.insert([187])
1

# box.insert([188])
1

# box.insert([189])
1

# box.insert([190])
1

# box.insert([191])
1

# box.insert([192])
1

# box.insert([193])
1

# box.insert([194])
1

# box.insert([195])
1

# box.insert([196])
1

# box.insert([197])
1

# box.insert([198])
1

# box.insert([199])
1

# box.insert([200])
1

# box.insert([201])
1

# box.insert([202])
1

# box.insert([203])
1

# box.insert([204])
1

# box.insert([205])
1

# box.insert([206])
1

# box.insert([207])
1

# box.insert([208])
1

# box.insert([209])
1

# box.insert([210])
1

# box.insert([211])
1

# box.insert([212])
1

# box.insert([213])
1

# box.insert([214])
1

# box.insert([215])
1

# box.insert([216])
1

# box.insert([217])
1

# box.insert([218])
1

# box.insert([219])
1

# box.insert([220])
1

# box.insert([221])
1

# box.insert([222])
1

# box.insert([223])
1

# box.insert([224])
1

# box.insert([225])
1

# box.insert([226])
1

# box.insert([227])
1

# box.insert([228])
1

# box.insert([229])
1

# box.insert([230])
1

# box.insert([231])
1

# box.insert([232])
1

# box.insert([233])
1

# box.insert([234])
1

# box.insert([235])
1

# box.insert([236])
1

# box.insert([237])
1

# box.insert([238])
1

# box.insert([239])
1

# box.insert([240])
1

# box.insert([241])
1

# box.insert([242])
1

# box.insert([243])
1

# box.insert([244])
1

# box.insert([245])
1

# box.insert([246])
1

# box.insert([247])
1

# box.insert([248])
1

# box.insert([249])
1

# box.insert([250])
1

# box.insert([251])
1

# box.insert([252])
1

# box.insert([253])
1

# box.insert([254])
1

# box.insert([255])
1

# box.insert([256])
1

# box.insert([257])
1

# box.insert([258])
1

# box.insert([259])
1

# box.insert([260])
1

# box.insert([261])
1

# box.insert([262])
1

# box.insert([263])
1

# box.insert([264])
1

# box.insert([265])
1

# box.insert([266])
1

# box.insert([267])
1

# box.insert([268])
1

# box.insert([269])
1

# box.insert([270])
1

# box.insert([271])
1

# box.insert([272])
1

# box.insert([273])
1

# box.insert([274])
1

# box.insert([275])
1

# box.insert([276])
1

# box.insert([277])
1

# box.insert([278])
1

# box.insert([279])
1

# box.insert([280])
1

# box.insert([281])
1

# box.insert([282])
1

# box.insert([283])
1

# box.insert([284])
1

# box.insert([285])
1

# box.insert([286])
1

# box.insert([287])
1

# box.insert([288])
1

# box.insert([289])
1

# box.insert([290])
1

# box.insert([291])
1

# box.insert([292])
1

# box.insert([293])
1

# box.insert([294])
1

# box.insert([295])
1

# box.insert([296])
1

# box.insert([297])
1

# box.insert([298])
1

# box.insert([299])
1

# box.insert([300])
1

# box.insert([301])
1

# box.insert([302])
1

# box.insert([303])
1

# box.insert([304])
1

# box.insert([305])
1

# box.insert([306])
1

# box.insert([307])
1

# box.insert([308])
1

# box.insert([309])
1

# box.insert([310])
1

# box.insert([311])
1

# box.insert([312])
1

# box.insert([313])
1

# box.insert([314])
1

# box.insert([315])
1

# box.insert([316])
1

# box.insert([317])
1

# box.insert([318])
1

# box.insert([319])
1

# box.insert([320])
1

# box.insert([321])
1

# box.insert([322])
1

# box.insert([323])
1

# box.insert([324])
1

# box.insert([325])
1

# box.insert([326])
1

# box.insert([327])
1

# box.insert([328])
1

# box.insert([329])
1

# box.insert([330])
1

# box.insert([331])
1

# box.insert([332])
1

# box.insert([333])
1

# box.insert([334])
1

# box.insert([335])
1

# box.insert([336])
1

# box.insert([337])
1

# box.insert([338])
1

# box.insert([339])
1

# box.insert([340])
1

# box.insert([341])
1

# box.insert([342])
1

# box.insert([343])
1

# box.insert([344])
1

# box.insert([345])
1

# box.insert([346])
1

# box.insert([347])
1

# box.insert([348])
1

# box.insert([349])
1

# box.insert([350])
1

# box.insert([351])
1

# box.insert([352])
1

# box.insert([353])
1

# box.insert([354])
1

# box.insert([355])
1

# box.insert([356])
1

# box.insert([357])
1

# box.insert([358])
1

# box.insert([359])
1

# box.insert([360])
1

# box.insert([361])
1

# box.insert([362])
1

# box.insert([363])
1

# box.insert([364])
1

# box.insert([365])
1

# box.insert([366])
1

# box.insert([367])
1

# box.insert([368])
1

# box.insert([369])
1

# box.insert([370])
1

# box.insert([371])
1

# box.insert([372])
1

# box.insert([373])
1

# box.insert([374])
1

# box.insert([375])
1

# box.insert([376])
1

# box.insert([377])
1

# box.insert([378])
1

# box.insert([379])
1

# box.insert([380])
1

# box.insert([381])
1

# box.insert([382])
1

# box.insert([383])
1

# box.insert([384])
1

# box.insert([385])
1

# box.insert([386])
1

# box.insert([387])
1

# box.insert([388])
1

# box.insert([389])
1

# box.insert([390])
1

# box.insert([391])
1

# box.insert([392])
1

# box.insert([393])
1

# box.insert([394])
1

# box.insert([395])
1

# box.insert([396])
1

# box.insert([397])
1

# box.insert([398])
1

# box.insert([399])
1

# box.insert([400])
1

# box.insert([401])
1

# box.insert([402])
1

# box.insert([403])
1

# box.insert([404])
1

# box.insert([405])
1

# box.insert([406])
1

# box.insert([407])
1

# box.insert([408])
1

# box.insert([409])
1

# box.insert([410])
1

# box.insert([411])
1

# box.insert([412])
1

# box.insert([413])
1

# box.insert([414])
1

# box.insert([415])
1

# box.insert([416])
1

# box.insert([417])
1

# box.insert([418])
1

# box.insert([419])
1

# box.insert([420])
1

# box.insert([421])
1

# box.insert([422])
1

# box.insert([423])
1

# box.insert([424])
1

# box.insert([425])
1

# box.insert([426])
1

# box.insert([427])
1

# box.insert([428])
1

# box.insert([429])
1

# box.insert([430])
1

# box.insert([431])
1

# box.insert([432])
1

# box.insert([433])
1

# box.insert([434])
1

# box.insert([435])
1

# box.insert([436])
1

# box.insert([437])
1

# box.insert([438])
1

# box.insert([439])
1

# box.insert([440])
1

# box.insert([441])
1

# box.insert([442])
1

# box.insert([443])
1

# box.insert([444])
1

# box.insert([445])
1

# box.insert([446])
1

# box.insert([447])
1

# box.insert([448])
1

# box.insert([449])
1

# box.insert([450])
1

# box.insert([451])
1

# box.insert([452])
1

# box.insert([453])
1

# box.insert([454])
1

# box.insert([455])
1

# box.insert([456])
1

# box.insert([457])
1

# box.insert([458])
1

# box.insert([459])
1

# box.insert([460])
1

# box.insert([461])
1

# box.insert([462])
1

# box.insert([463])
1

# box.insert([464])
1

# box.insert([465])
1

# box.insert([466])
1

# box.insert([467])
1

# box.insert([468])
1

# box.insert([469])
1

# box.insert([470])
1

# box.insert([471])
1

# box.insert([472])
1

# box.insert([473])
1

# box.insert([474])
1

# box.insert([475])
1

# box.insert([476])
1

# box.insert([477])
1

# box.insert([478])
1

# box.insert([479])
1

# box.insert([480])
1

# box.insert([481])
1

# box.insert([482])
1

# box.insert([483])
1

# box.insert([484])
1

# box.insert([485])
1

# box.insert([486])
1

# box.insert([487])
1

# box.insert([488])
1

# box.insert([489])
1

# box.insert([490])
1

# box.insert([491])
1

# box.insert([492])
1

# box.insert([493])
1

# box.insert([494])
1

# box.insert([495])
1

# box.insert([496])
1

# box.insert([497])
1

# box.insert([498])
1

# box.insert([499])
1

# box.insert([500])
1

# box.insert([501])
1

# box.insert([502])
1

# box.insert([503])
1

# box.insert([504])
1

# box.insert([505])
1

# box.insert([506])
1

# box.insert([507])
1

# box.insert([508])
1

# box.insert([509])
1

# box.insert([510])
1

# box.insert([511])
1

# box.insert([512])
1

# box.insert([513])
1

# box.insert([514])
1

# box.insert([515])
1

# box.insert([516])
1

# box.insert([517])
1

# box.insert([518])
1

# box.insert([519])
1

# box.insert([520])
1

# box.insert([521])
1

# box.insert([522])
1

# box.insert([523])
1

# box.insert([524])
1

# box.insert([525])
1

# box.insert([526])
1

# box.insert([527])
1

# box.insert([528])
1

# box.insert([529])
1

# box.insert([530])
1

# box.insert([531])
1

# box.insert([532])
1

# box.insert([533])
1

# box.insert([534])
1

# box.insert([535])
1

# box.insert([536])
1

# box.insert([537])
1

# box.insert([538])
1

# box.insert([539])
1

# box.insert([540])
1

# box.insert([541])
1

# box.insert([542])
1

# box.insert([543])
1

# box.insert([544])
1

# box.insert([545])
1

# box.insert([546])
1

# box.insert([547])
1

# box.insert([548])
1

# box.insert([549])
1

# box.insert([550])
1

# box.insert([551])
1

# box.insert([552])
1

# box.insert([553])
1

# box.insert([554])
1

# box.insert([555])
1

# box.insert([556])
1

# box.insert([557])
1

# box.insert([558])
1

# box.insert([559])
1

# box.insert([560])
1

# box.insert([561])
1

# box.insert([562])
1

# box.insert([563])
1

# box.insert([564])
1

# box.insert([565])
1

# box.insert([566])
1

# box.insert([567])
1

# box.insert([568])
1

# box.insert([569])
1

# box.insert([570])
1

# box.insert([571])
1

# box.insert([572])
1

# box.insert([573])
1

# box.insert([574])
1

# box.insert([575])
1

# box.insert([576])
1

# box.insert([577])
1

# box.insert([578])
1

# box.insert([579])
1

# box.insert([580])
1

# box.insert([581])
1

# box.insert([582])
1

# box.insert([583])
1

# box.insert([584])
1

# box.insert([585])
1

# box.insert([586])
1

# box.insert([587])
1

# box.insert([588])
1

# box.insert([589])
1

# box.insert([590])
1

# box.insert([591])
1

# box.insert([592])
1

# box.insert([593])
1

# box.insert([594])
1

# box.insert([595])
1

# box.insert([596])
1

# box.insert([597])
1

# box.insert([598])
1

# box.insert([599])
1

# box.insert([600])
1

# box.insert([601])
1

# box.insert([602])
1

# box.insert([603])
1

# box.insert([604])
1

# box.insert([605])
1

# box.insert([606])
1

# box.insert([607])
1

# box.insert([608])
1

# box.insert([609])
1

# box.insert([610])
1

# box.insert([611])
1

# box.insert([612])
1

# box.insert([613])
1

# box.insert([614])
1

# box.insert([615])
1

# box.insert([616])
1

# box.insert([617])
1

# box.insert([618])
1

# box.insert([619])
1

# box.insert([620])
1

# box.insert([621])
1

# box.insert([622])
1

# box.insert([623])
1

# box.insert([624])
1

# box.insert([625])
1

# box.insert([626])
1

# box.insert([627])
1

# box.insert([628])
1

# box.insert([629])
1

# box.insert([630])
1

# box.insert([631])
1

# box.insert([632])
1

# box.insert([633])
1

# box.insert([634])
1

# box.insert([635])
1

# box.insert([636])
1

# box.insert([637])
1

# box.insert([638])
1

# box.insert([639])
1

# box.insert([640])
1

# box.insert([641])
1

# box.insert([642])
1

# box.insert([643])
1

# box.insert([644])
1

# box.insert([645])
1

# box.insert([646])
1

# box.insert([647])
1

# box.insert([648])
1

# box.insert([649])
1

# box.insert([650])
1

# box.insert([651])
1

# box.insert([652])
1

# box.insert([653])
1

# box.insert([654])
1

# box.insert([655])
1

# box.insert([656])
1

# box.insert([657])
1

# box.insert([658])
1

# box.insert([659])
1

# box.insert([660])
1

# box.insert([661])
1

# box.insert([662])
1

# box.insert([663])
1

# box.insert([664])
1

# box.insert([665])
1

# box.insert([666])
1

# box.insert([667])
1

# box.insert([668])
1

# box.insert([669])
1

# box.insert([670])
1

# box.insert([671])
1

# box.insert([672])
1

# box.insert([673])
1

# box.insert([674])
1

# box.insert([675])
1

# box.insert([676])
1

# box.insert([677])
1

# box.insert([678])
1

# box.insert([679])
1

# box.insert([680])
1

# box.insert([681])
1

# box.insert([682])
1

# box.insert([683])
1

# box.insert([684])
1

# box.insert([685])
1

# box.insert([686])
1

# box.insert([687])
1

# box.insert([688])
1

# box.insert([689])
1

# box.insert([690])
1

# box.insert([691])
1

# box.insert([692])
1

# box.insert([693])
1

# box.insert([694])
1

# box.insert([695])
1

# box.insert([696])
1

# box.insert([697])
1

# box.insert([698])
1

# box.insert([699])
1

# box.insert([700])
1

# box.insert([701])
1

# box.insert([702])
1

# box.insert([703])
1

# box.insert([704])
1

# box.insert([705])
1

# box.insert([706])
1

# box.insert([707])
1

# box.insert([708])
1

# box.insert([709])
1

# box.insert([710])
1

# box.insert([711])
1

# box.insert([712])
1

# box.insert([713])
1

# box.insert([714])
1

# box.insert([715])
1

# box.insert([716])
1

# box.insert([717])
1

# box.insert([718])
1

# box.insert([719])
1

# box.insert([720])
1

# box.insert([721])
1

# box.insert([722])
1

# box.insert([723])
1

# box.insert([724])
1

# box.insert([725])
1

# box.insert([726])
1

# box.insert([727])
1

# box.insert([728])
1

# box.insert([729])
1

# box.insert([730])
1

# box.insert([731])
1

# box.insert([732])
1

# box.insert([733])
1

# box.insert([734])
1

# box.insert([735])
1

# box.insert([736])
1

# box.insert([737])
1

# box.insert([738])
1

# box.insert([739])
1

# box.insert([740])
1

# box.insert([741])
1

# box.insert([742])
1

# box.insert([743])
1

# box.insert([744])
1

# box.insert([745])
1

# box.insert([746])
1

# box.insert([747])
1

# box.insert([748])
1

# box.insert([749])
1

# box.insert([750])
1

# box.insert([751])
1

# box.insert([752])
1

# box.insert([753])
1

# box.insert([754])
1

# box.insert([755])
1

# box.insert([756])
1

# box.insert([757])
1

# box.insert([758])
1

# box.insert([759])
1

# box.insert([760])
1

# box.insert([761])
1

# box.insert([762])
1

# box.insert([763])
1

# box.insert([764])
1

# box.insert([765])
1

# box.insert([766])
1

# box.insert([767])
1

# box.insert([768])
1

# box.insert([769])
1

# box.insert([770])
1

# box.insert([771])
1

# box.insert([772])
1

# box.insert([773])
1

# box.insert([774])
1

# box.insert([775])
1

# box.insert([776])
1

# box.insert([777])
1

# box.insert([778])
1

# box.insert([779])
1

# box.insert([780])
1

# box.insert([781])
1

# box.insert([782])
1

# box.insert([783])
1

# box.insert([784])
1

# box.insert([785])
1

# box.insert([786])
1

# box.insert([787])
1

# box.insert([788])
1

# box.insert([789])
1

# box.insert([790])
1

# box.insert([791])
1

# box.insert([792])
1

# box.insert([793])
1

# box.insert([794])
1

# box.insert([795])
1

# box.insert([796])
1

# box.insert([797])
1

# box.insert([798])
1

# box.insert([799])
1

# box.insert([800])
1

# box.insert([801])
1

# box.insert([802])
1

# box.insert([803])
1

# box.insert([804])
1

# box.insert([805])
1

# box.insert([806])
1

# box.insert([807])
1

# box.insert([808])
1

# box.insert([809])
1

# box.insert([810])
1

# box.insert([811])
1

# box.insert([812])
1

# box.insert([813])
1

# box.insert([814])
1

# box.insert([815])
1

# box.insert([816])
1

# box.insert([817])
1

# box.insert([818])
1

# box.insert([819])
1

# box.insert([820])
1

# box.insert([821])
1

# box.insert([822])
1

# box.insert([823])
1

# box.insert([824])
1

# box.insert([825])
1

# box.insert([826])
1

# box.insert([827])
1

# box.insert([828])
1

# box.insert([829])
1

# box.insert([830])
1

# box.insert([831])
1

# box.insert([832])
1

# box.insert([833])
1

# box.insert([834])
1

# box.insert([835])
1

# box.insert([836])
1

# box.insert([837])
1

# box.insert([838])
1

# box.insert([839])
1

# box.insert([840])
1

# box.insert([841])
1

# box.insert([842])
1

# box.insert([843])
1

# box.insert([844])
1

# box.insert([845])
1

# box.insert([846])
1

# box.insert([847])
1

# box.insert([848])
1

# box.insert([849])
1

# box.insert([850])
1

# box.insert([851])
1

# box.insert([852])
1

# box.insert([853])
1

# box.insert([854])
1

# box.insert([855])
1

# box.insert([856])
1

# box.insert([857])
1

# box.insert([858])
1

# box.insert([859])
1

# box.insert([860])
1

# box.insert([861])
1

# box.insert([862])
1

# box.insert([863])
1

# box.insert([864])
1

# box.insert([865])
1

# box.insert([866])
1

# box.insert([867])
1

# box.insert([868])
1

# box.insert([869])
1

# box.insert([870])
1

# box.insert([871])
1

# box.insert([872])
1

# box.insert([873])
1

# box.insert([874])
1

# box.insert([875])
1

# box.insert([876])
1

# box.insert([877])
1

# box.insert([878])
1

# box.insert([879])
1

# box.insert([880])
1

# box.insert([881])
1

# box.insert([882])
1

# box.insert([883])
1

# box.insert([884])
1

# box.insert([885])
1

# box.insert([886])
1

# box.insert([887])
1

# box.insert([888])
1

# box.insert([889])
1

# box.insert([890])
1

# box.insert([891])
1

# box.insert([892])
1

# box.insert([893])
1

# box.insert([894])
1

# box.insert([895])
1

# box.insert([896])
1

# box.insert([897])
1

# box.insert([898])
1

# box.insert([899])
1

# box.insert([900])
1

# box.insert([901])
1

# box.insert([902])
1

# box.insert([903])
1

# box.insert([904])
1

# box.insert([905])
1

# box.insert([906])
1

# box.insert([907])
1

# box.insert([908])
1

# box.insert([909])
1

# box.insert([910])
1

# box.insert([911])
1

# box.insert([912])
1

# box.insert([913])
1

# box.insert([914])
1

# box.insert([915])
1

# box.insert([916])
1

# box.insert([917])
1

# box.insert([918])
1

# box.insert([919])
1

# box.insert([920])
1

# box.insert([921])
1

# box.insert([922])
1

# box.insert([923])
1

# box.insert([924])
1

# box.insert([925])
1

# box.insert([926])
1

# box.insert([927])
1

# box.insert([928])
1

# box.insert([929])
1

# box.insert([930])
1

# box.insert([931])
1

# box.insert([932])
1

# box.insert([933])
1

# box.insert([934])
1

# box.insert([935])
1

# box.insert([936])
1

# box.insert([937])
1

# box.insert([938])
1

# box.insert([939])
1

# box.insert([940])
1

# box.insert([941])
1

# box.insert([942])
1

# box.insert([943])
1

# box.insert([944])
1

# box.insert([945])
1

# box.insert([946])
1

# box.insert([947])
1

# box.insert([948])
1

# box.insert([949])
1

# box.insert([950])
1

# box.insert([951])
1

# box.insert([952])
1

# box.insert([953])
1

# box.insert([954])
1

# box.insert([955])
1

# box.insert([956])
1

# box.insert([957])
1

# box.insert([958])
1

# box.insert([959])
1

# box.insert([960])
1

# box.insert([961])
1

# box.insert([962])
1

# box.insert([963])
1

# box.insert([964])
1

# box.insert([965])
1

# box.insert([966])
1

# box.insert([967])
1

# box.insert([968])
1

# box.insert([969])
1

# box.insert([970])
1

# box.insert([971])
1

# box.insert([972])
1

# box.insert([973])
1

# box.insert([974])
1

# box.insert([975])
1

# box.insert([976])
1

# box.insert([977])
1

# box.insert([978])
1

# box.insert([979])
1

# box.insert([980])
1

# box.insert([981])
1

# box.insert([982])
1

# box.insert([983])
1

# box.insert([984])
1

# box.insert([985])
1

# box.insert([986])
1

# box.insert([987])
1

# box.insert([988])
1

# box.insert([989])
1

# box.insert([990])
1

# box.insert([991])
1

# box.insert([992])
1

# box.insert([993])
1

# box.insert([994])
1

# box.insert([995])
1

# box.insert([996])
1

# box.insert([997])
1

# box.insert([998])
1

# box.insert([999])
1

# box.insert([1000])
1

# box.select(1, {:index=>0})
[["\x01\x00\x00\x00"]]

# box.select(18, {:index=>0})
[["\x12\x00\x00\x00"]]

# box.select(35, {:index=>0})
[["#\x00\x00\x00"]]

# box.select(52, {:index=>0})
[["4\x00\x00\x00"]]

# box.select(69, {:index=>0})
[["E\x00\x00\x00"]]

# box.select(86, {:index=>0})
[["V\x00\x00\x00"]]

# box.select(103, {:index=>0})
[["g\x00\x00\x00"]]

# box.select(120, {:index=>0})
[["x\x00\x00\x00"]]

# box.select(137, {:index=>0})
[["\x89\x00\x00\x00"]]

# box.select(154, {:index=>0})
[["\x9A\x00\x00\x00"]]

# box.select(171, {:index=>0})
[["\xAB\x00\x00\x00"]]

# box.select(188, {:index=>0})
[["\xBC\x00\x00\x00"]]

# box.select(205, {:index=>0})
[["\xCD\x00\x00\x00"]]

# box.select(222, {:index=>0})
[["\xDE\x00\x00\x00"]]

# box.select(239, {:index=>0})
[["\xEF\x00\x00\x00"]]

# box.select(256, {:index=>0})
[["\x00\x01\x00\x00"]]

# box.select(273, {:index=>0})
[["\x11\x01\x00\x00"]]

# box.select(290, {:index=>0})
[["\"\x01\x00\x00"]]

# box.select(307, {:index=>0})
[["3\x01\x00\x00"]]

# box.select(324, {:index=>0})
[["D\x01\x00\x00"]]

# box.select(341, {:index=>0})
[["U\x01\x00\x00"]]

# box.select(358, {:index=>0})
[["f\x01\x00\x00"]]

# box.select(375, {:index=>0})
[["w\x01\x00\x00"]]

# box.select(392, {:index=>0})
[["\x88\x01\x00\x00"]]

# box.select(409, {:index=>0})
[["\x99\x01\x00\x00"]]

# box.select(426, {:index=>0})
[["\xAA\x01\x00\x00"]]

# box.select(443, {:index=>0})
[["\xBB\x01\x00\x00"]]

# box.select(460, {:index=>0})
[["\xCC\x01\x00\x00"]]

# box.select(477, {:index=>0})
[["\xDD\x01\x00\x00"]]

# box.select(494, {:index=>0})
[["\xEE\x01\x00\x00"]]

# box.select(511, {:index=>0})
[["\xFF\x01\x00\x00"]]

# box.select(528, {:index=>0})
[["\x10\x02\x00\x00"]]

# box.select(545, {:index=>0})
[["!\x02\x00\x00"]]

# box.select(562, {:index=>0})
[["2\x02\x00\x00"]]

# box.select(579, {:index=>0})
[["C\x02\x00\x00"]]

# box.select(596, {:index=>0})
[["T\x02\x00\x00"]]

# box.select(613, {:index=>0})
[["e\x02\x00\x00"]]

# box.select(630, {:index=>0})
[["v\x02\x00\x00"]]

# box.select(647, {:index=>0})
[["\x87\x02\x00\x00"]]

# box.select(664, {:index=>0})
[["\x98\x02\x00\x00"]]

# box.select(681, {:index=>0})
[["\xA9\x02\x00\x00"]]

# box.select(698, {:index=>0})
[["\xBA\x02\x00\x00"]]

# box.select(715, {:index=>0})
[["\xCB\x02\x00\x00"]]

# box.select(732, {:index=>0})
[["\xDC\x02\x00\x00"]]

# box.select(749, {:index=>0})
[["\xED\x02\x00\x00"]]

# box.select(766, {:index=>0})
[["\xFE\x02\x00\x00"]]

# box.select(783, {:index=>0})
[["\x0F\x03\x00\x00"]]

# box.select(800, {:index=>0})
[[" \x03\x00\x00"]]

# box.select(817, {:index=>0})
[["1\x03\x00\x00"]]

# box.select(834, {:index=>0})
[["B\x03\x00\x00"]]

# box.select(851, {:index=>0})
[["S\x03\x00\x00"]]

# box.select(868, {:index=>0})
[["d\x03\x00\x00"]]

# box.select(885, {:index=>0})
[["u\x03\x00\x00"]]

# box.select(902, {:index=>0})
[["\x86\x03\x00\x00"]]

# box.select(919, {:index=>0})
[["\x97\x03\x00\x00"]]

# box.select(936, {:index=>0})
[["\xA8\x03\x00\x00"]]

# box.select(953, {:index=>0})
[["\xB9\x03\x00\x00"]]

# box.select(970, {:index=>0})
[["\xCA\x03\x00\x00"]]

# box.select(987, {:index=>0})
[["\xDB\x03\x00\x00"]]

# box.select(1, {:index=>1})
[["\x01\x00\x00\x00"]]

# box.select(18, {:index=>1})
[["\x12\x00\x00\x00"]]

# box.select(35, {:index=>1})
[["#\x00\x00\x00"]]

# box.select(52, {:index=>1})
[["4\x00\x00\x00"]]

# box.select(69, {:index=>1})
[["E\x00\x00\x00"]]

# box.select(86, {:index=>1})
[["V\x00\x00\x00"]]

# box.select(103, {:index=>1})
[["g\x00\x00\x00"]]

# box.select(120, {:index=>1})
[["x\x00\x00\x00"]]

# box.select(137, {:index=>1})
[["\x89\x00\x00\x00"]]

# box.select(154, {:index=>1})
[["\x9A\x00\x00\x00"]]

# box.select(171, {:index=>1})
[["\xAB\x00\x00\x00"]]

# box.select(188, {:index=>1})
[["\xBC\x00\x00\x00"]]

# box.select(205, {:index=>1})
[["\xCD\x00\x00\x00"]]

# box.select(222, {:index=>1})
[["\xDE\x00\x00\x00"]]

# box.select(239, {:index=>1})
[["\xEF\x00\x00\x00"]]

# box.select(256, {:index=>1})
[["\x00\x01\x00\x00"]]

# box.select(273, {:index=>1})
[["\x11\x01\x00\x00"]]

# box.select(290, {:index=>1})
[["\"\x01\x00\x00"]]

# box.select(307, {:index=>1})
[["3\x01\x00\x00"]]

# box.select(324, {:index=>1})
[["D\x01\x00\x00"]]

# box.select(341, {:index=>1})
[["U\x01\x00\x00"]]

# box.select(358, {:index=>1})
[["f\x01\x00\x00"]]

# box.select(375, {:index=>1})
[["w\x01\x00\x00"]]

# box.select(392, {:index=>1})
[["\x88\x01\x00\x00"]]

# box.select(409, {:index=>1})
[["\x99\x01\x00\x00"]]

# box.select(426, {:index=>1})
[["\xAA\x01\x00\x00"]]

# box.select(443, {:index=>1})
[["\xBB\x01\x00\x00"]]

# box.select(460, {:index=>1})
[["\xCC\x01\x00\x00"]]

# box.select(477, {:index=>1})
[["\xDD\x01\x00\x00"]]

# box.select(494, {:index=>1})
[["\xEE\x01\x00\x00"]]

# box.select(511, {:index=>1})
[["\xFF\x01\x00\x00"]]

# box.select(528, {:index=>1})
[["\x10\x02\x00\x00"]]

# box.select(545, {:index=>1})
[["!\x02\x00\x00"]]

# box.select(562, {:index=>1})
[["2\x02\x00\x00"]]

# box.select(579, {:index=>1})
[["C\x02\x00\x00"]]

# box.select(596, {:index=>1})
[["T\x02\x00\x00"]]

# box.select(613, {:index=>1})
[["e\x02\x00\x00"]]

# box.select(630, {:index=>1})
[["v\x02\x00\x00"]]

# box.select(647, {:index=>1})
[["\x87\x02\x00\x00"]]

# box.select(664, {:index=>1})
[["\x98\x02\x00\x00"]]

# box.select(681, {:index=>1})
[["\xA9\x02\x00\x00"]]

# box.select(698, {:index=>1})
[["\xBA\x02\x00\x00"]]

# box.select(715, {:index=>1})
[["\xCB\x02\x00\x00"]]

# box.select(732, {:index=>1})
[["\xDC\x02\x00\x00"]]

# box.select(749, {:index=>1})
[["\xED\x02\x00\x00"]]

# box.select(766, {:index=>1})
[["\xFE\x02\x00\x00"]]

# box.select(783, {:index=>1})
[["\x0F\x03\x00\x00"]]

# box.select(800, {:index=>1})
[[" \x03\x00\x00"]]

# box.select(817, {:index=>1})
[["1\x03\x00\x00"]]

# box.select(834, {:index=>1})
[["B\x03\x00\x00"]]

# box.select(851, {:index=>1})
[["S\x03\x00\x00"]]

# box.select(868, {:index=>1})
[["d\x03\x00\x00"]]

# box.select(885, {:index=>1})
[["u\x03\x00\x00"]]

# box.select(902, {:index=>1})
[["\x86\x03\x00\x00"]]

# box.select(919, {:index=>1})
[["\x97\x03\x00\x00"]]

# box.select(936, {:index=>1})
[["\xA8\x03\x00\x00"]]

# box.select(953, {:index=>1})
[["\xB9\x03\x00\x00"]]

# box.select(970, {:index=>1})
[["\xCA\x03\x00\x00"]]

# box.select(987, {:index=>1})
[["\xDB\x03\x00\x00"]]

# box.lua("user_proc.position", "0", "1")
[["0"]]

# box.lua("user_proc.position", "0", "14")
[["13"]]

# box.lua("user_proc.position", "0", "27")
[["26"]]

# box.lua("user_proc.position", "0", "40")
[["39"]]

# box.lua("user_proc.position", "0", "53")
[["52"]]

# box.lua("user_proc.position", "0", "66")
[["65"]]

# box.lua("user_proc.position", "0", "79")
[["78"]]

# box.lua("user_proc.position", "0", "92")
[["91"]]

# box.lua("user_proc.position", "0", "105")
[["104"]]

# box.lua("user_proc.position", "0", "118")
[["117"]]

# box.lua("user_proc.position", "0", "131")
[["130"]]

# box.lua("user_proc.position", "0", "144")
[["143"]]

# box.lua("user_proc.position", "0", "157")
[["156"]]

# box.lua("user_proc.position", "0", "170")
[["169"]]

# box.lua("user_proc.position", "0", "183")
[["182"]]

# box.lua("user_proc.position", "0", "196")
[["195"]]

# box.lua("user_proc.position", "0", "209")
[["208"]]

# box.lua("user_proc.position", "0", "222")
[["221"]]

# box.lua("user_proc.position", "0", "235")
[["234"]]

# box.lua("user_proc.position", "0", "248")
[["247"]]

# box.lua("user_proc.position", "0", "261")
[["260"]]

# box.lua("user_proc.position", "0", "274")
[["273"]]

# box.lua("user_proc.position", "0", "287")
[["286"]]

# box.lua("user_proc.position", "0", "300")
[["299"]]

# box.lua("user_proc.position", "0", "313")
[["312"]]

# box.lua("user_proc.position", "0", "326")
[["325"]]

# box.lua("user_proc.position", "0", "339")
[["338"]]

# box.lua("user_proc.position", "0", "352")
[["351"]]

# box.lua("user_proc.position", "0", "365")
[["364"]]

# box.lua("user_proc.position", "0", "378")
[["377"]]

# box.lua("user_proc.position", "0", "391")
[["390"]]

# box.lua("user_proc.position", "0", "404")
[["403"]]

# box.lua("user_proc.position", "0", "417")
[["416"]]

# box.lua("user_proc.position", "0", "430")
[["429"]]

# box.lua("user_proc.position", "0", "443")
[["442"]]

# box.lua("user_proc.position", "0", "456")
[["455"]]

# box.lua("user_proc.position", "0", "469")
[["468"]]

# box.lua("user_proc.position", "0", "482")
[["481"]]

# box.lua("user_proc.position", "0", "495")
[["494"]]

# box.lua("user_proc.position", "0", "508")
[["507"]]

# box.lua("user_proc.position", "0", "521")
[["520"]]

# box.lua("user_proc.position", "0", "534")
[["533"]]

# box.lua("user_proc.position", "0", "547")
[["546"]]

# box.lua("user_proc.position", "0", "560")
[["559"]]

# box.lua("user_proc.position", "0", "573")
[["572"]]

# box.lua("user_proc.position", "0", "586")
[["585"]]

# box.lua("user_proc.position", "0", "599")
[["598"]]

# box.lua("user_proc.position", "0", "612")
[["611"]]

# box.lua("user_proc.position", "0", "625")
[["624"]]

# box.lua("user_proc.position", "0", "638")
[["637"]]

# box.lua("user_proc.position", "0", "651")
[["650"]]

# box.lua("user_proc.position", "0", "664")
[["663"]]

# box.lua("user_proc.position", "0", "677")
[["676"]]

# box.lua("user_proc.position", "0", "690")
[["689"]]

# box.lua("user_proc.position", "0", "703")
[["702"]]

# box.lua("user_proc.position", "0", "716")
[["715"]]

# box.lua("user_proc.position", "0", "729")
[["728"]]

# box.lua("user_proc.position", "0", "742")
[["741"]]

# box.lua("user_proc.position", "0", "755")
[["754"]]

# box.lua("user_proc.position", "0", "768")
[["767"]]

# box.lua("user_proc.position", "0", "781")
[["780"]]

# box.lua("user_proc.position", "0", "794")
[["793"]]

# box.lua("user_proc.position", "0", "807")
[["806"]]

# box.lua("user_proc.position", "0", "820")
[["819"]]

# box.lua("user_proc.position", "0", "833")
[["832"]]

# box.lua("user_proc.position", "0", "846")
[["845"]]

# box.lua("user_proc.position", "0", "859")
[["858"]]

# box.lua("user_proc.position", "0", "872")
[["871"]]

# box.lua("user_proc.position", "0", "885")
[["884"]]

# box.lua("user_proc.position", "0", "898")
[["897"]]

# box.lua("user_proc.position", "0", "911")
[["910"]]

# box.lua("user_proc.position", "0", "924")
[["923"]]

# box.lua("user_proc.position", "0", "937")
[["936"]]

# box.lua("user_proc.position", "0", "950")
[["949"]]

# box.lua("user_proc.position", "0", "963")
[["962"]]

# box.lua("user_proc.position", "0", "976")
[["975"]]

# box.lua("user_proc.position", "0", "989")
[["988"]]

# box.lua("user_proc.position", "1", "1")
[["999"]]

# box.lua("user_proc.position", "1", "14")
[["986"]]

# box.lua("user_proc.position", "1", "27")
[["973"]]

# box.lua("user_proc.position", "1", "40")
[["960"]]

# box.lua("user_proc.position", "1", "53")
[["947"]]

# box.lua("user_proc.position", "1", "66")
[["934"]]

# box.lua("user_proc.position", "1", "79")
[["921"]]

# box.lua("user_proc.position", "1", "92")
[["908"]]

# box.lua("user_proc.position", "1", "105")
[["895"]]

# box.lua("user_proc.position", "1", "118")
[["882"]]

# box.lua("user_proc.position", "1", "131")
[["869"]]

# box.lua("user_proc.position", "1", "144")
[["856"]]

# box.lua("user_proc.position", "1", "157")
[["843"]]

# box.lua("user_proc.position", "1", "170")
[["830"]]

# box.lua("user_proc.position", "1", "183")
[["817"]]

# box.lua("user_proc.position", "1", "196")
[["804"]]

# box.lua("user_proc.position", "1", "209")
[["791"]]

# box.lua("user_proc.position", "1", "222")
[["778"]]

# box.lua("user_proc.position", "1", "235")
[["765"]]

# box.lua("user_proc.position", "1", "248")
[["752"]]

# box.lua("user_proc.position", "1", "261")
[["739"]]

# box.lua("user_proc.position", "1", "274")
[["726"]]

# box.lua("user_proc.position", "1", "287")
[["713"]]

# box.lua("user_proc.position", "1", "300")
[["700"]]

# box.lua("user_proc.position", "1", "313")
[["687"]]

# box.lua("user_proc.position", "1", "326")
[["674"]]

# box.lua("user_proc.position", "1", "339")
[["661"]]

# box.lua("user_proc.position", "1", "352")
[["648"]]

# box.lua("user_proc.position", "1", "365")
[["635"]]

# box.lua("user_proc.position", "1", "378")
[["622"]]

# box.lua("user_proc.position", "1", "391")
[["609"]]

# box.lua("user_proc.position", "1", "404")
[["596"]]

# box.lua("user_proc.position", "1", "417")
[["583"]]

# box.lua("user_proc.position", "1", "430")
[["570"]]

# box.lua("user_proc.position", "1", "443")
[["557"]]

# box.lua("user_proc.position", "1", "456")
[["544"]]

# box.lua("user_proc.position", "1", "469")
[["531"]]

# box.lua("user_proc.position", "1", "482")
[["518"]]

# box.lua("user_proc.position", "1", "495")
[["505"]]

# box.lua("user_proc.position", "1", "508")
[["492"]]

# box.lua("user_proc.position", "1", "521")
[["479"]]

# box.lua("user_proc.position", "1", "534")
[["466"]]

# box.lua("user_proc.position", "1", "547")
[["453"]]

# box.lua("user_proc.position", "1", "560")
[["440"]]

# box.lua("user_proc.position", "1", "573")
[["427"]]

# box.lua("user_proc.position", "1", "586")
[["414"]]

# box.lua("user_proc.position", "1", "599")
[["401"]]

# box.lua("user_proc.position", "1", "612")
[["388"]]

# box.lua("user_proc.position", "1", "625")
[["375"]]

# box.lua("user_proc.position", "1", "638")
[["362"]]

# box.lua("user_proc.position", "1", "651")
[["349"]]

# box.lua("user_proc.position", "1", "664")
[["336"]]

# box.lua("user_proc.position", "1", "677")
[["323"]]

# box.lua("user_proc.position", "1", "690")
[["310"]]

# box.lua("user_proc.position", "1", "703")
[["297"]]

# box.lua("user_proc.position", "1", "716")
[["284"]]

# box.lua("user_proc.position", "1", "729")
[["271"]]

# box.lua("user_proc.position", "1", "742")
[["258"]]

# box.lua("user_proc.position", "1", "755")
[["245"]]

# box.lua("user_proc.position", "1", "768")
[["232"]]

# box.lua("user_proc.position", "1", "781")
[["219"]]

# box.lua("user_proc.position", "1", "794")
[["206"]]

# box.lua("user_proc.position", "1", "807")
[["193"]]

# box.lua("user_proc.position", "1", "820")
[["180"]]

# box.lua("user_proc.position", "1", "833")
[["167"]]

# box.lua("user_proc.position", "1", "846")
[["154"]]

# box.lua("user_proc.position", "1", "859")
[["141"]]

# box.lua("user_proc.position", "1", "872")
[["128"]]

# box.lua("user_proc.position", "1", "885")
[["115"]]

# box.lua("user_proc.position", "1", "898")
[["102"]]

# box.lua("user_proc.position", "1", "911")
[["89"]]

# box.lua("user_proc.position", "1", "924")
[["76"]]

# box.lua("user_proc.position", "1", "937")
[["63"]]

# box.lua("user_proc.position", "1", "950")
[["50"]]

# box.lua("user_proc.position", "1", "963")
[["37"]]

# box.lua("user_proc.position", "1", "976")
[["24"]]

# box.lua("user_proc.position", "1", "989")
[["11"]]

