# one.ping()
:pong

# two.ping()
:pong

# one.meta(shard 1 create por)
ok

# one.meta(shard 1 obj_space 0 create tree unique string 0)
ok

# one.insert([1, "one"], {:shard=>1})
1

# one.select(1, {:shard=>1})
[["\x01\x00\x00\x00", "one"]]

