# one.ping()
:pong

# two.ping()
:pong

# one.meta(shard 1 create por)
ok

# one.meta(shard 1 obj_space 0 create tree unique string 0)
ok

# one.insert([1, "one"], {:shard=>1})
1

# two.meta(shard 1 add_replica two)
ok

# one.insert([1, "One"], {:shard=>1})
2

# two.insert([1, "Two"], {:shard=>1})
2

# two.insert([2, "Two"], {:shard=>1})
1

# one.select(1, {:shard=>1})
[["\x01\x00\x00\x00", "Two"]]

# two.select(1, {:shard=>1})
[["\x01\x00\x00\x00", "Two"]]

lsn:2 scn:-1 t:snap/snap_initial ver:0 count:1 flags:0x00000000
lsn:2 shard:1 scn:5 t:snap/shard_create SHARD_CREATE shard_id:1 POR Box count:1 run_crc:0x6eff8a9b master:one repl:two
lsn:2 shard:1 scn:5 t:snap/usr240 CREATE_OBJECT_SPACE n:0 flags:00000003 cardinalty:0 PK: i:0 min_tuple_cardinality:0 cardinality:1 type:POSTREE unique:1 field0:{index:0 type:STRING sort:ASC}
lsn:2 shard:1 scn:5 t:snap/snap_data n:0 <1:"\x01\x00\x00\x00", "One">
lsn:2 shard:1 scn:5 t:snap/shard_final 
lsn:2 scn:-1 t:snap/snap_final 
lsn:2 shard:1 scn:5 t:wal/usr13 INSERT n:0 flags:00000000 <1:"\x01\x00\x00\x00", "One">
lsn:3 shard:1 scn:6 t:wal/usr13 INSERT n:0 flags:00000000 <1:"\x01\x00\x00\x00", "Two">
lsn:4 shard:1 scn:7 t:wal/usr13 INSERT n:0 flags:00000000 <2:"\x02\x00\x00\x00", "Two">
