# one.ping()
:pong

# two.ping()
:pong

# one.meta(shard 1 create por)
ok

# one.meta(shard 1 obj_space 0 create tree unique string 0)
ok

# one.insert([1, "one"], {:shard=>1})
1

# two.meta(shard 1 add_replica two)
ok

# two.meta(shard 1 master two)
ok

# one.insert([1, "one2"], {:shard=>1})
2

# one.select(1, {:shard=>1})
[["\x01\x00\x00\x00", "one2"]]

# two.select(1, {:shard=>1})
[["\x01\x00\x00\x00", "one2"]]

# two.insert([1, "two2"], {:shard=>1})
2

# one.select(1, {:shard=>1})
[["\x01\x00\x00\x00", "two2"]]

# two.select(1, {:shard=>1})
[["\x01\x00\x00\x00", "two2"]]

lsn:2 scn:-1 t:snap/snap_initial ver:0 count:1 flags:0x00000000
lsn:2 shard:1 scn:5 t:snap/shard_create SHARD_CREATE shard_id:1 POR Box count:1 run_crc:0xc19a0fa0 master:two repl:one
lsn:2 shard:1 scn:5 t:snap/usr240 CREATE_OBJECT_SPACE n:0 flags:00000003 cardinalty:0 PK: i:0 min_tuple_cardinality:0 cardinality:1 type:POSTREE unique:1 field0:{index:0 type:STRING sort:ASC}
lsn:2 shard:1 scn:5 t:snap/snap_data n:0 <1:"\x01\x00\x00\x00", "one">
lsn:2 shard:1 scn:5 t:snap/shard_final 
lsn:2 scn:-1 t:snap/snap_final 

lsn:2 shard:1 scn:5 t:wal/shard_alter SHARD_ALTER shard_id:1 POR Box count:1 run_crc:0xc19a0fa0 master:two repl:one
lsn:3 shard:1 scn:6 t:wal/usr13 INSERT n:0 flags:00000000 <1:"\x01\x00\x00\x00", 845508207:"one2">
lsn:4 shard:1 scn:7 t:wal/usr13 INSERT n:0 flags:00000000 <1:"\x01\x00\x00\x00", 846165876:"two2">

xxx/load shard {1} I> META mode: LOADING => shard_create
xxx/load shard {1} I> META mode: PARTIAL_PROXY, SCN: 4, type: POR, peer: [one, two], proxy_addr: 'one/127.0.0.1:33013' => hot_standby/one/127.0.0.1:33013/init
xxx/remote_hot_standby {1} I> META mode: PARTIAL_PROXY, SCN: 4, type: POR, peer: [one, two], proxy_addr: 'one/127.0.0.1:33013' => hot_standby/127.0.0.1:33013/connect
xxx/load shard {1} I> META mode: PARTIAL_PROXY, SCN: 4, type: POR, peer: [one, two], proxy_addr: 'one/127.0.0.1:33013' => wal_final_row
xxx/remote_hot_standby {1} I> META mode: PARTIAL_PROXY, SCN: 4, type: POR, peer: [one, two], proxy_addr: 'one/127.0.0.1:33013' => hot_standby/127.0.0.1:33013/ok
xxx/remote_hot_standby {1} I> META mode: LOCAL, SCN: 4, type: POR, peer: [two, one] => route update, force notify
xxx/remote_hot_standby {1} I> META mode: LOCAL, SCN: 4, type: POR, peer: [two, one] => primary
