# legacy_master.lua("user_proc.multi_insert_for_partial_shard", "0", "5", "val")
[]

# legacy_master.lua("user_proc.multi_insert_for_partial_shard", "5", "10", "val")
[]

["00000000000000000002.snap", "00000000000000000003.xlog", "feeder_init.lua", "octopus", "octopus.cfg", "octopus.log", "octopus.log.0", "octopus.log.init", "octopus.pid"]
# legacy_master.select("0", "1", "2", "3", "4", "5", "6", "7", "8", "9", "10", "11", "12", "13", "14", "15", "16")
[["0", "val"], ["1", "val"], ["2", "val"], ["3", "val"], ["4", "val"], ["5", "val"], ["6", "val"], ["7", "val"], ["8", "val"], ["9", "val"], ["10", "val"]]

# two.meta(shard 0 create por)
ok

# two.meta(shard 0 obj_space 0 create hash unique string 0)
ok

# two.meta(shard 1 create por)
ok

# two.meta(shard 1 obj_space 0 create hash unique string 0)
ok

# two.meta(shard 2 create por)
ok

# two.meta(shard 2 obj_space 0 create hash unique string 0)
ok

# two.meta(shard 3 create por)
ok

# two.meta(shard 3 obj_space 0 create hash unique string 0)
ok

# two.meta(shard 0 add_replica one)
ok

# two.meta(shard 0 type part)
ok

# two.meta(shard 0 master one)
ok

# two.meta(shard 1 add_replica one)
ok

# two.meta(shard 1 type part)
ok

# two.meta(shard 1 master one)
ok

# two.meta(shard 2 add_replica one)
ok

# two.meta(shard 2 type part)
ok

# two.meta(shard 2 master one)
ok

# two.meta(shard 3 add_replica one)
ok

# two.meta(shard 3 type part)
ok

# two.meta(shard 3 master one)
ok

# box.select("0", "1", "2", "3", "4", "5", "6", "7", "8", "9", "10", "11", "12", "13", "14", "15", "16", {:shard=>0})
[["0", "val"], ["4", "val"], ["8", "val"]]

# box.select("0", "1", "2", "3", "4", "5", "6", "7", "8", "9", "10", "11", "12", "13", "14", "15", "16", {:shard=>1})
[["1", "val"], ["5", "val"], ["9", "val"]]

# box.select("0", "1", "2", "3", "4", "5", "6", "7", "8", "9", "10", "11", "12", "13", "14", "15", "16", {:shard=>2})
[["2", "val"], ["6", "val"], ["10", "val"]]

# box.select("0", "1", "2", "3", "4", "5", "6", "7", "8", "9", "10", "11", "12", "13", "14", "15", "16", {:shard=>3})
[["3", "val"], ["7", "val"]]

# box.ping()
:pong

# box.select("0", "1", "2", "3", "4", "5", "6", "7", "8", "9", "10", "11", "12", "13", "14", "15", "16", {:shard=>0})
[["0", "val"], ["4", "val"], ["8", "val"]]

# box.select("0", "1", "2", "3", "4", "5", "6", "7", "8", "9", "10", "11", "12", "13", "14", "15", "16", {:shard=>1})
[["1", "val"], ["5", "val"], ["9", "val"]]

# box.select("0", "1", "2", "3", "4", "5", "6", "7", "8", "9", "10", "11", "12", "13", "14", "15", "16", {:shard=>2})
[["2", "val"], ["6", "val"], ["10", "val"]]

# box.select("0", "1", "2", "3", "4", "5", "6", "7", "8", "9", "10", "11", "12", "13", "14", "15", "16", {:shard=>3})
[["3", "val"], ["7", "val"]]

# legacy_master.lua("user_proc.multi_insert_for_partial_shard", "10", "13", "!")
[]

# box.ping()
:pong

# box.select("0", "1", "2", "3", "4", "5", "6", "7", "8", "9", "10", "11", "12", "13", "14", "15", "16", {:shard=>0})
[["0", "val"], ["4", "val"], ["8", "val"], ["12", "!"]]

# box.select("0", "1", "2", "3", "4", "5", "6", "7", "8", "9", "10", "11", "12", "13", "14", "15", "16", {:shard=>1})
[["1", "val"], ["5", "val"], ["9", "val"], ["13", "!"]]

# box.select("0", "1", "2", "3", "4", "5", "6", "7", "8", "9", "10", "11", "12", "13", "14", "15", "16", {:shard=>2})
[["2", "val"], ["6", "val"], ["10", "!"]]

# box.select("0", "1", "2", "3", "4", "5", "6", "7", "8", "9", "10", "11", "12", "13", "14", "15", "16", {:shard=>3})
[["3", "val"], ["7", "val"], ["11", "!"]]

