Ok([(2, "00000000000000000002.xlog"), (10, "00000000000000000010.xlog"), (20, "00000000000000000020.xlog"), (30, "00000000000000000030.xlog"), (63, "00000000000000000063.xlog"), (70, "00000000000000000070.xlog"), (80, "00000000000000000080.xlog"), (90, "00000000000000000090.xlog"), (127, "00000000000000000127.xlog"), (130, "00000000000000000130.xlog"), (140, "00000000000000000140.xlog"), (150, "00000000000000000150.xlog")])